<?xml version="1.0" encoding="utf-8"?>
<TestRun id="6287d096-6c28-4add-9686-0a259fa69eb3" name="vyach@VYACHESLAV-LAPT 2025-09-12 09:38:01" runUser="VYACHESLAV-LAPT\vyach" xmlns="http://microsoft.com/schemas/VisualStudio/TeamTest/2010">
  <Times creation="2025-09-12T09:38:01.6915698-05:00" queuing="2025-09-12T09:38:01.6915702-05:00" start="2025-09-12T09:37:59.7697468-05:00" finish="2025-09-12T09:38:01.9225016-05:00" />
  <TestSettings name="default" id="dfad42a4-db27-4849-ba78-457957f7dedf">
    <Deployment runDeploymentRoot="vyach_VYACHESLAV-LAPT_2025-09-12_09_38_01" />
  </TestSettings>
  <Results>
    <UnitTestResult executionId="a724a8eb-b104-4069-abf1-69006cdbc176" testId="4719cafa-37e8-0976-4e22-b0ffa0c90c6f" testName="CPR.UnitTests.GoalServiceTests.Delete_NonExistent_DoesNotThrow" computerName="VYACHESLAV-LAPT" duration="00:00:00.0703530" startTime="2025-09-12T09:38:01.6837546-05:00" endTime="2025-09-12T09:38:01.6837549-05:00" testType="13cdc9d9-ddb5-4fa4-a97d-d965ccfc6d4b" outcome="Passed" testListId="8c84fa94-04c1-424b-9868-57a2d4851a1d" relativeResultsDirectory="a724a8eb-b104-4069-abf1-69006cdbc176" />
    <UnitTestResult executionId="1476c510-7f3e-4c2b-b80f-e7a09fafa83b" testId="56f1c77e-28c5-f5f1-3972-d20f73d8b63b" testName="CPR.UnitTests.TokenGeneratorTests.CreateToken_ProducesExpectedFormatAndSignature" computerName="VYACHESLAV-LAPT" duration="00:00:00.0812935" startTime="2025-09-12T09:38:00.6154278-05:00" endTime="2025-09-12T09:38:00.6154288-05:00" testType="13cdc9d9-ddb5-4fa4-a97d-d965ccfc6d4b" outcome="Passed" testListId="8c84fa94-04c1-424b-9868-57a2d4851a1d" relativeResultsDirectory="1476c510-7f3e-4c2b-b80f-e7a09fafa83b" />
    <UnitTestResult executionId="223bd968-a1e7-4c87-a484-3a1ca8d80c16" testId="56a69ab4-6219-6b26-299f-0681a9d61e92" testName="CPR.UnitTests.EntityModelTests.NewCareerPath_Defaults" computerName="VYACHESLAV-LAPT" duration="00:00:00.0002275" startTime="2025-09-12T09:38:00.5455954-05:00" endTime="2025-09-12T09:38:00.5455954-05:00" testType="13cdc9d9-ddb5-4fa4-a97d-d965ccfc6d4b" outcome="Passed" testListId="8c84fa94-04c1-424b-9868-57a2d4851a1d" relativeResultsDirectory="223bd968-a1e7-4c87-a484-3a1ca8d80c16" />
    <UnitTestResult executionId="db65fa0e-2eb1-4e36-b99c-6449fd09d298" testId="8a5940ea-4b2f-f542-b5ca-b09821dd76d9" testName="CPR.UnitTests.GoalServiceTests.GetGoals_InvalidPage_Throws" computerName="VYACHESLAV-LAPT" duration="00:00:00.0253615" startTime="2025-09-12T09:38:01.8442564-05:00" endTime="2025-09-12T09:38:01.8442565-05:00" testType="13cdc9d9-ddb5-4fa4-a97d-d965ccfc6d4b" outcome="Passed" testListId="8c84fa94-04c1-424b-9868-57a2d4851a1d" relativeResultsDirectory="db65fa0e-2eb1-4e36-b99c-6449fd09d298" />
    <UnitTestResult executionId="ad67ac81-c701-4ad7-9e2b-674383f19565" testId="8fdbd666-92ef-5b7f-2802-7cd379660176" testName="CPR.UnitTests.GoalServiceTests.Update_WithNoFields_NoChange" computerName="VYACHESLAV-LAPT" duration="00:00:00.0450189" startTime="2025-09-12T09:38:01.6132820-05:00" endTime="2025-09-12T09:38:01.6132821-05:00" testType="13cdc9d9-ddb5-4fa4-a97d-d965ccfc6d4b" outcome="Passed" testListId="8c84fa94-04c1-424b-9868-57a2d4851a1d" relativeResultsDirectory="ad67ac81-c701-4ad7-9e2b-674383f19565" />
    <UnitTestResult executionId="6a45e7bb-f05f-4236-b266-35a4a7146ed8" testId="5956719e-3452-5720-a6a3-0368dd87c461" testName="CPR.UnitTests.GoalServiceTests.Create_NullDto_Throws" computerName="VYACHESLAV-LAPT" duration="00:00:00.0226644" startTime="2025-09-12T09:38:01.7949837-05:00" endTime="2025-09-12T09:38:01.7949841-05:00" testType="13cdc9d9-ddb5-4fa4-a97d-d965ccfc6d4b" outcome="Passed" testListId="8c84fa94-04c1-424b-9868-57a2d4851a1d" relativeResultsDirectory="6a45e7bb-f05f-4236-b266-35a4a7146ed8" />
    <UnitTestResult executionId="85651ce0-3186-4e95-9242-b472bea74dfd" testId="b5ad94ba-f9b8-a11a-be7e-940412e7b510" testName="CPR.UnitTests.GoalServiceTests.AddTask_NonExistent_Throws" computerName="VYACHESLAV-LAPT" duration="00:00:00.0362198" startTime="2025-09-12T09:38:01.7721648-05:00" endTime="2025-09-12T09:38:01.7721650-05:00" testType="13cdc9d9-ddb5-4fa4-a97d-d965ccfc6d4b" outcome="Passed" testListId="8c84fa94-04c1-424b-9868-57a2d4851a1d" relativeResultsDirectory="85651ce0-3186-4e95-9242-b472bea74dfd" />
    <UnitTestResult executionId="b88f06db-a531-4ce7-b560-696af430fc93" testId="d3ed3139-af5b-e202-87ed-ba2d5f9985f6" testName="CPR.UnitTests.GoalServiceTests.Update_NonExistent_Throws" computerName="VYACHESLAV-LAPT" duration="00:00:00.0236464" startTime="2025-09-12T09:38:01.8187152-05:00" endTime="2025-09-12T09:38:01.8187154-05:00" testType="13cdc9d9-ddb5-4fa4-a97d-d965ccfc6d4b" outcome="Passed" testListId="8c84fa94-04c1-424b-9868-57a2d4851a1d" relativeResultsDirectory="b88f06db-a531-4ce7-b560-696af430fc93" />
    <UnitTestResult executionId="f6ac4e4c-58af-4dff-9384-a8fdbec5424e" testId="7401c24a-10a6-8ef9-c23c-3cc6fdbc13a0" testName="CPR.UnitTests.JwtStubAuthenticationHandlerTests.InvalidToken_IsRejected" computerName="VYACHESLAV-LAPT" duration="00:00:00.0010744" startTime="2025-09-12T09:38:00.7129962-05:00" endTime="2025-09-12T09:38:00.7129962-05:00" testType="13cdc9d9-ddb5-4fa4-a97d-d965ccfc6d4b" outcome="Passed" testListId="8c84fa94-04c1-424b-9868-57a2d4851a1d" relativeResultsDirectory="f6ac4e4c-58af-4dff-9384-a8fdbec5424e" />
    <UnitTestResult executionId="97ddf937-0f8c-4765-ae52-8ea21bcde57b" testId="0ad55d3a-4f89-ce26-d12a-323f058a8713" testName="CPR.UnitTests.GoalServiceTests.Update_ByDifferentUser_UpdatesModifiedBy" computerName="VYACHESLAV-LAPT" duration="00:00:00.0278060" startTime="2025-09-12T09:38:01.7116647-05:00" endTime="2025-09-12T09:38:01.7116648-05:00" testType="13cdc9d9-ddb5-4fa4-a97d-d965ccfc6d4b" outcome="Passed" testListId="8c84fa94-04c1-424b-9868-57a2d4851a1d" relativeResultsDirectory="97ddf937-0f8c-4765-ae52-8ea21bcde57b" />
    <UnitTestResult executionId="382c1285-8d5a-497a-87ac-27fb8bc7889a" testId="54ff8e50-f462-b783-f88c-c6136ea4e932" testName="CPR.UnitTests.JwtStubAuthenticationHandlerTests.ValidToken_IsAuthenticated" computerName="VYACHESLAV-LAPT" duration="00:00:00.1777553" startTime="2025-09-12T09:38:00.7118772-05:00" endTime="2025-09-12T09:38:00.7118775-05:00" testType="13cdc9d9-ddb5-4fa4-a97d-d965ccfc6d4b" outcome="Passed" testListId="8c84fa94-04c1-424b-9868-57a2d4851a1d" relativeResultsDirectory="382c1285-8d5a-497a-87ac-27fb8bc7889a" />
    <UnitTestResult executionId="a9e7310b-57be-437b-b6e7-5f57b6ff11e8" testId="6dcbbebc-5ec3-8cd9-8adb-96eb4d601ff7" testName="CPR.UnitTests.SampleTests.Truth" computerName="VYACHESLAV-LAPT" duration="00:00:00.0063853" startTime="2025-09-12T09:38:00.5428261-05:00" endTime="2025-09-12T09:38:00.5428398-05:00" testType="13cdc9d9-ddb5-4fa4-a97d-d965ccfc6d4b" outcome="Passed" testListId="8c84fa94-04c1-424b-9868-57a2d4851a1d" relativeResultsDirectory="a9e7310b-57be-437b-b6e7-5f57b6ff11e8" />
    <UnitTestResult executionId="786d28eb-656d-4dc7-98b5-dec65f2cb408" testId="4bcc2cdc-22f9-1be2-4107-f209763f8fd8" testName="CPR.UnitTests.GoalServiceTests.AddTask_NullDto_Throws" computerName="VYACHESLAV-LAPT" duration="00:00:00.0240089" startTime="2025-09-12T09:38:01.7357997-05:00" endTime="2025-09-12T09:38:01.7357998-05:00" testType="13cdc9d9-ddb5-4fa4-a97d-d965ccfc6d4b" outcome="Passed" testListId="8c84fa94-04c1-424b-9868-57a2d4851a1d" relativeResultsDirectory="786d28eb-656d-4dc7-98b5-dec65f2cb408" />
    <UnitTestResult executionId="55d91bb2-0afd-434b-82e2-c15f5b6b5d0b" testId="4173c94f-ea54-5a01-7339-de8d97f7ae90" testName="CPR.UnitTests.GoalServiceTests.Create_Get_Update_Delete_Workflow" computerName="VYACHESLAV-LAPT" duration="00:00:01.0361514" startTime="2025-09-12T09:38:01.5682147-05:00" endTime="2025-09-12T09:38:01.5682149-05:00" testType="13cdc9d9-ddb5-4fa4-a97d-d965ccfc6d4b" outcome="Passed" testListId="8c84fa94-04c1-424b-9868-57a2d4851a1d" relativeResultsDirectory="55d91bb2-0afd-434b-82e2-c15f5b6b5d0b" />
    <UnitTestResult executionId="fee430e3-4820-465e-8bc1-717b8bbbbdcf" testId="eb37ebbb-ad55-c51e-13ea-9bd5e8dd6e50" testName="CPR.UnitTests.EntityModelTests.NewSkill_Defaults" computerName="VYACHESLAV-LAPT" duration="00:00:00.0074656" startTime="2025-09-12T09:38:00.5444999-05:00" endTime="2025-09-12T09:38:00.5444999-05:00" testType="13cdc9d9-ddb5-4fa4-a97d-d965ccfc6d4b" outcome="Passed" testListId="8c84fa94-04c1-424b-9868-57a2d4851a1d" relativeResultsDirectory="fee430e3-4820-465e-8bc1-717b8bbbbdcf" />
    <UnitTestResult executionId="8fba4d97-7e2b-4f97-b6e5-15112da32490" testId="a38938d7-f90e-a2b0-6791-2f1eddfa19b0" testName="CPR.UnitTests.GoalServiceTests.Update_WithEmptyTitle_DoesNotOverwrite" computerName="VYACHESLAV-LAPT" duration="00:00:00.0224368" startTime="2025-09-12T09:38:01.8668012-05:00" endTime="2025-09-12T09:38:01.8668014-05:00" testType="13cdc9d9-ddb5-4fa4-a97d-d965ccfc6d4b" outcome="Passed" testListId="8c84fa94-04c1-424b-9868-57a2d4851a1d" relativeResultsDirectory="8fba4d97-7e2b-4f97-b6e5-15112da32490" />
  </Results>
  <TestDefinitions>
    <UnitTest name="CPR.UnitTests.GoalServiceTests.Create_NullDto_Throws" storage="d:\projects\cpr\tests\cpr.unittests\bin\debug\net9.0\cpr.unittests.dll" id="5956719e-3452-5720-a6a3-0368dd87c461">
      <Execution id="6a45e7bb-f05f-4236-b266-35a4a7146ed8" />
      <TestMethod codeBase="D:\projects\CPR\tests\CPR.UnitTests\bin\Debug\net9.0\CPR.UnitTests.dll" adapterTypeName="executor://xunit/VsTestRunner2/netcoreapp" className="CPR.UnitTests.GoalServiceTests" name="Create_NullDto_Throws" />
    </UnitTest>
    <UnitTest name="CPR.UnitTests.EntityModelTests.NewSkill_Defaults" storage="d:\projects\cpr\tests\cpr.unittests\bin\debug\net9.0\cpr.unittests.dll" id="eb37ebbb-ad55-c51e-13ea-9bd5e8dd6e50">
      <Execution id="fee430e3-4820-465e-8bc1-717b8bbbbdcf" />
      <TestMethod codeBase="D:\projects\CPR\tests\CPR.UnitTests\bin\Debug\net9.0\CPR.UnitTests.dll" adapterTypeName="executor://xunit/VsTestRunner2/netcoreapp" className="CPR.UnitTests.EntityModelTests" name="NewSkill_Defaults" />
    </UnitTest>
    <UnitTest name="CPR.UnitTests.GoalServiceTests.AddTask_NullDto_Throws" storage="d:\projects\cpr\tests\cpr.unittests\bin\debug\net9.0\cpr.unittests.dll" id="4bcc2cdc-22f9-1be2-4107-f209763f8fd8">
      <Execution id="786d28eb-656d-4dc7-98b5-dec65f2cb408" />
      <TestMethod codeBase="D:\projects\CPR\tests\CPR.UnitTests\bin\Debug\net9.0\CPR.UnitTests.dll" adapterTypeName="executor://xunit/VsTestRunner2/netcoreapp" className="CPR.UnitTests.GoalServiceTests" name="AddTask_NullDto_Throws" />
    </UnitTest>
    <UnitTest name="CPR.UnitTests.JwtStubAuthenticationHandlerTests.ValidToken_IsAuthenticated" storage="d:\projects\cpr\tests\cpr.unittests\bin\debug\net9.0\cpr.unittests.dll" id="54ff8e50-f462-b783-f88c-c6136ea4e932">
      <Execution id="382c1285-8d5a-497a-87ac-27fb8bc7889a" />
      <TestMethod codeBase="D:\projects\CPR\tests\CPR.UnitTests\bin\Debug\net9.0\CPR.UnitTests.dll" adapterTypeName="executor://xunit/VsTestRunner2/netcoreapp" className="CPR.UnitTests.JwtStubAuthenticationHandlerTests" name="ValidToken_IsAuthenticated" />
    </UnitTest>
    <UnitTest name="CPR.UnitTests.EntityModelTests.NewCareerPath_Defaults" storage="d:\projects\cpr\tests\cpr.unittests\bin\debug\net9.0\cpr.unittests.dll" id="56a69ab4-6219-6b26-299f-0681a9d61e92">
      <Execution id="223bd968-a1e7-4c87-a484-3a1ca8d80c16" />
      <TestMethod codeBase="D:\projects\CPR\tests\CPR.UnitTests\bin\Debug\net9.0\CPR.UnitTests.dll" adapterTypeName="executor://xunit/VsTestRunner2/netcoreapp" className="CPR.UnitTests.EntityModelTests" name="NewCareerPath_Defaults" />
    </UnitTest>
    <UnitTest name="CPR.UnitTests.GoalServiceTests.Update_WithEmptyTitle_DoesNotOverwrite" storage="d:\projects\cpr\tests\cpr.unittests\bin\debug\net9.0\cpr.unittests.dll" id="a38938d7-f90e-a2b0-6791-2f1eddfa19b0">
      <Execution id="8fba4d97-7e2b-4f97-b6e5-15112da32490" />
      <TestMethod codeBase="D:\projects\CPR\tests\CPR.UnitTests\bin\Debug\net9.0\CPR.UnitTests.dll" adapterTypeName="executor://xunit/VsTestRunner2/netcoreapp" className="CPR.UnitTests.GoalServiceTests" name="Update_WithEmptyTitle_DoesNotOverwrite" />
    </UnitTest>
    <UnitTest name="CPR.UnitTests.GoalServiceTests.Update_NonExistent_Throws" storage="d:\projects\cpr\tests\cpr.unittests\bin\debug\net9.0\cpr.unittests.dll" id="d3ed3139-af5b-e202-87ed-ba2d5f9985f6">
      <Execution id="b88f06db-a531-4ce7-b560-696af430fc93" />
      <TestMethod codeBase="D:\projects\CPR\tests\CPR.UnitTests\bin\Debug\net9.0\CPR.UnitTests.dll" adapterTypeName="executor://xunit/VsTestRunner2/netcoreapp" className="CPR.UnitTests.GoalServiceTests" name="Update_NonExistent_Throws" />
    </UnitTest>
    <UnitTest name="CPR.UnitTests.JwtStubAuthenticationHandlerTests.InvalidToken_IsRejected" storage="d:\projects\cpr\tests\cpr.unittests\bin\debug\net9.0\cpr.unittests.dll" id="7401c24a-10a6-8ef9-c23c-3cc6fdbc13a0">
      <Execution id="f6ac4e4c-58af-4dff-9384-a8fdbec5424e" />
      <TestMethod codeBase="D:\projects\CPR\tests\CPR.UnitTests\bin\Debug\net9.0\CPR.UnitTests.dll" adapterTypeName="executor://xunit/VsTestRunner2/netcoreapp" className="CPR.UnitTests.JwtStubAuthenticationHandlerTests" name="InvalidToken_IsRejected" />
    </UnitTest>
    <UnitTest name="CPR.UnitTests.GoalServiceTests.Create_Get_Update_Delete_Workflow" storage="d:\projects\cpr\tests\cpr.unittests\bin\debug\net9.0\cpr.unittests.dll" id="4173c94f-ea54-5a01-7339-de8d97f7ae90">
      <Execution id="55d91bb2-0afd-434b-82e2-c15f5b6b5d0b" />
      <TestMethod codeBase="D:\projects\CPR\tests\CPR.UnitTests\bin\Debug\net9.0\CPR.UnitTests.dll" adapterTypeName="executor://xunit/VsTestRunner2/netcoreapp" className="CPR.UnitTests.GoalServiceTests" name="Create_Get_Update_Delete_Workflow" />
    </UnitTest>
    <UnitTest name="CPR.UnitTests.GoalServiceTests.Update_WithNoFields_NoChange" storage="d:\projects\cpr\tests\cpr.unittests\bin\debug\net9.0\cpr.unittests.dll" id="8fdbd666-92ef-5b7f-2802-7cd379660176">
      <Execution id="ad67ac81-c701-4ad7-9e2b-674383f19565" />
      <TestMethod codeBase="D:\projects\CPR\tests\CPR.UnitTests\bin\Debug\net9.0\CPR.UnitTests.dll" adapterTypeName="executor://xunit/VsTestRunner2/netcoreapp" className="CPR.UnitTests.GoalServiceTests" name="Update_WithNoFields_NoChange" />
    </UnitTest>
    <UnitTest name="CPR.UnitTests.GoalServiceTests.GetGoals_InvalidPage_Throws" storage="d:\projects\cpr\tests\cpr.unittests\bin\debug\net9.0\cpr.unittests.dll" id="8a5940ea-4b2f-f542-b5ca-b09821dd76d9">
      <Execution id="db65fa0e-2eb1-4e36-b99c-6449fd09d298" />
      <TestMethod codeBase="D:\projects\CPR\tests\CPR.UnitTests\bin\Debug\net9.0\CPR.UnitTests.dll" adapterTypeName="executor://xunit/VsTestRunner2/netcoreapp" className="CPR.UnitTests.GoalServiceTests" name="GetGoals_InvalidPage_Throws" />
    </UnitTest>
    <UnitTest name="CPR.UnitTests.GoalServiceTests.AddTask_NonExistent_Throws" storage="d:\projects\cpr\tests\cpr.unittests\bin\debug\net9.0\cpr.unittests.dll" id="b5ad94ba-f9b8-a11a-be7e-940412e7b510">
      <Execution id="85651ce0-3186-4e95-9242-b472bea74dfd" />
      <TestMethod codeBase="D:\projects\CPR\tests\CPR.UnitTests\bin\Debug\net9.0\CPR.UnitTests.dll" adapterTypeName="executor://xunit/VsTestRunner2/netcoreapp" className="CPR.UnitTests.GoalServiceTests" name="AddTask_NonExistent_Throws" />
    </UnitTest>
    <UnitTest name="CPR.UnitTests.GoalServiceTests.Update_ByDifferentUser_UpdatesModifiedBy" storage="d:\projects\cpr\tests\cpr.unittests\bin\debug\net9.0\cpr.unittests.dll" id="0ad55d3a-4f89-ce26-d12a-323f058a8713">
      <Execution id="97ddf937-0f8c-4765-ae52-8ea21bcde57b" />
      <TestMethod codeBase="D:\projects\CPR\tests\CPR.UnitTests\bin\Debug\net9.0\CPR.UnitTests.dll" adapterTypeName="executor://xunit/VsTestRunner2/netcoreapp" className="CPR.UnitTests.GoalServiceTests" name="Update_ByDifferentUser_UpdatesModifiedBy" />
    </UnitTest>
    <UnitTest name="CPR.UnitTests.SampleTests.Truth" storage="d:\projects\cpr\tests\cpr.unittests\bin\debug\net9.0\cpr.unittests.dll" id="6dcbbebc-5ec3-8cd9-8adb-96eb4d601ff7">
      <Execution id="a9e7310b-57be-437b-b6e7-5f57b6ff11e8" />
      <TestMethod codeBase="D:\projects\CPR\tests\CPR.UnitTests\bin\Debug\net9.0\CPR.UnitTests.dll" adapterTypeName="executor://xunit/VsTestRunner2/netcoreapp" className="CPR.UnitTests.SampleTests" name="Truth" />
    </UnitTest>
    <UnitTest name="CPR.UnitTests.TokenGeneratorTests.CreateToken_ProducesExpectedFormatAndSignature" storage="d:\projects\cpr\tests\cpr.unittests\bin\debug\net9.0\cpr.unittests.dll" id="56f1c77e-28c5-f5f1-3972-d20f73d8b63b">
      <Execution id="1476c510-7f3e-4c2b-b80f-e7a09fafa83b" />
      <TestMethod codeBase="D:\projects\CPR\tests\CPR.UnitTests\bin\Debug\net9.0\CPR.UnitTests.dll" adapterTypeName="executor://xunit/VsTestRunner2/netcoreapp" className="CPR.UnitTests.TokenGeneratorTests" name="CreateToken_ProducesExpectedFormatAndSignature" />
    </UnitTest>
    <UnitTest name="CPR.UnitTests.GoalServiceTests.Delete_NonExistent_DoesNotThrow" storage="d:\projects\cpr\tests\cpr.unittests\bin\debug\net9.0\cpr.unittests.dll" id="4719cafa-37e8-0976-4e22-b0ffa0c90c6f">
      <Execution id="a724a8eb-b104-4069-abf1-69006cdbc176" />
      <TestMethod codeBase="D:\projects\CPR\tests\CPR.UnitTests\bin\Debug\net9.0\CPR.UnitTests.dll" adapterTypeName="executor://xunit/VsTestRunner2/netcoreapp" className="CPR.UnitTests.GoalServiceTests" name="Delete_NonExistent_DoesNotThrow" />
    </UnitTest>
  </TestDefinitions>
  <TestEntries>
    <TestEntry testId="4719cafa-37e8-0976-4e22-b0ffa0c90c6f" executionId="a724a8eb-b104-4069-abf1-69006cdbc176" testListId="8c84fa94-04c1-424b-9868-57a2d4851a1d" />
    <TestEntry testId="56f1c77e-28c5-f5f1-3972-d20f73d8b63b" executionId="1476c510-7f3e-4c2b-b80f-e7a09fafa83b" testListId="8c84fa94-04c1-424b-9868-57a2d4851a1d" />
    <TestEntry testId="56a69ab4-6219-6b26-299f-0681a9d61e92" executionId="223bd968-a1e7-4c87-a484-3a1ca8d80c16" testListId="8c84fa94-04c1-424b-9868-57a2d4851a1d" />
    <TestEntry testId="8a5940ea-4b2f-f542-b5ca-b09821dd76d9" executionId="db65fa0e-2eb1-4e36-b99c-6449fd09d298" testListId="8c84fa94-04c1-424b-9868-57a2d4851a1d" />
    <TestEntry testId="8fdbd666-92ef-5b7f-2802-7cd379660176" executionId="ad67ac81-c701-4ad7-9e2b-674383f19565" testListId="8c84fa94-04c1-424b-9868-57a2d4851a1d" />
    <TestEntry testId="5956719e-3452-5720-a6a3-0368dd87c461" executionId="6a45e7bb-f05f-4236-b266-35a4a7146ed8" testListId="8c84fa94-04c1-424b-9868-57a2d4851a1d" />
    <TestEntry testId="b5ad94ba-f9b8-a11a-be7e-940412e7b510" executionId="85651ce0-3186-4e95-9242-b472bea74dfd" testListId="8c84fa94-04c1-424b-9868-57a2d4851a1d" />
    <TestEntry testId="d3ed3139-af5b-e202-87ed-ba2d5f9985f6" executionId="b88f06db-a531-4ce7-b560-696af430fc93" testListId="8c84fa94-04c1-424b-9868-57a2d4851a1d" />
    <TestEntry testId="7401c24a-10a6-8ef9-c23c-3cc6fdbc13a0" executionId="f6ac4e4c-58af-4dff-9384-a8fdbec5424e" testListId="8c84fa94-04c1-424b-9868-57a2d4851a1d" />
    <TestEntry testId="0ad55d3a-4f89-ce26-d12a-323f058a8713" executionId="97ddf937-0f8c-4765-ae52-8ea21bcde57b" testListId="8c84fa94-04c1-424b-9868-57a2d4851a1d" />
    <TestEntry testId="54ff8e50-f462-b783-f88c-c6136ea4e932" executionId="382c1285-8d5a-497a-87ac-27fb8bc7889a" testListId="8c84fa94-04c1-424b-9868-57a2d4851a1d" />
    <TestEntry testId="6dcbbebc-5ec3-8cd9-8adb-96eb4d601ff7" executionId="a9e7310b-57be-437b-b6e7-5f57b6ff11e8" testListId="8c84fa94-04c1-424b-9868-57a2d4851a1d" />
    <TestEntry testId="4bcc2cdc-22f9-1be2-4107-f209763f8fd8" executionId="786d28eb-656d-4dc7-98b5-dec65f2cb408" testListId="8c84fa94-04c1-424b-9868-57a2d4851a1d" />
    <TestEntry testId="4173c94f-ea54-5a01-7339-de8d97f7ae90" executionId="55d91bb2-0afd-434b-82e2-c15f5b6b5d0b" testListId="8c84fa94-04c1-424b-9868-57a2d4851a1d" />
    <TestEntry testId="eb37ebbb-ad55-c51e-13ea-9bd5e8dd6e50" executionId="fee430e3-4820-465e-8bc1-717b8bbbbdcf" testListId="8c84fa94-04c1-424b-9868-57a2d4851a1d" />
    <TestEntry testId="a38938d7-f90e-a2b0-6791-2f1eddfa19b0" executionId="8fba4d97-7e2b-4f97-b6e5-15112da32490" testListId="8c84fa94-04c1-424b-9868-57a2d4851a1d" />
  </TestEntries>
  <TestLists>
    <TestList name="Results Not in a List" id="8c84fa94-04c1-424b-9868-57a2d4851a1d" />
    <TestList name="All Loaded Results" id="19431567-8539-422a-85d7-44ee4e166bda" />
  </TestLists>
  <ResultSummary outcome="Completed">
    <Counters total="16" executed="16" passed="16" failed="0" error="0" timeout="0" aborted="0" inconclusive="0" passedButRunAborted="0" notRunnable="0" notExecuted="0" disconnected="0" warning="0" completed="0" inProgress="0" pending="0" />
    <Output>
      <StdOut>[xUnit.net 00:00:00.00] xUnit.net VSTest Adapter v2.5.3.1+6b60a9e56a (64-bit .NET 9.0.3)&#xD;
[xUnit.net 00:00:00.27]   Discovering: CPR.UnitTests&#xD;
[xUnit.net 00:00:00.31]   Discovered:  CPR.UnitTests&#xD;
[xUnit.net 00:00:00.31]   Starting:    CPR.UnitTests&#xD;
[xUnit.net 00:00:01.68]   Finished:    CPR.UnitTests&#xD;
</StdOut>
    </Output>
  </ResultSummary>
</TestRun>