  Determining projects to restore...
  All projects are up-to-date for restore.
  CPR.Domain -> D:\projects\CPR\source\cpr-meta\source\cpr-api\src\CPR.Domain\bin\Debug\net9.0\CPR.Domain.dll
  CPR.Application -> D:\projects\CPR\source\cpr-meta\source\cpr-api\src\CPR.Application\bin\Debug\net9.0\CPR.Application.dll
D:\projects\CPR\source\cpr-meta\source\cpr-api\src\CPR.Infrastructure\Migrations\CprDbContextModelSnapshot.cs(372,38): warning CS8669: The annotation for nullable reference types should only be used in code within a '#nullable' annotations context. Auto-generated code requires an explicit '#nullable' directive in source. [D:\projects\CPR\source\cpr-meta\source\cpr-api\src\CPR.Infrastructure\CPR.Infrastructure.csproj]
  CPR.Infrastructure -> D:\projects\CPR\source\cpr-meta\source\cpr-api\src\CPR.Infrastructure\bin\Debug\net9.0\CPR.Infrastructure.dll
D:\projects\CPR\source\cpr-meta\source\cpr-api\src\CPR.Api\Controllers\GoalsController.cs(149,21): error CS0815: Cannot assign void to an implicitly-typed variable [D:\projects\CPR\source\cpr-meta\source\cpr-api\src\CPR.Api\CPR.Api.csproj]

Build FAILED.

D:\projects\CPR\source\cpr-meta\source\cpr-api\src\CPR.Infrastructure\Migrations\CprDbContextModelSnapshot.cs(372,38): warning CS8669: The annotation for nullable reference types should only be used in code within a '#nullable' annotations context. Auto-generated code requires an explicit '#nullable' directive in source. [D:\projects\CPR\source\cpr-meta\source\cpr-api\src\CPR.Infrastructure\CPR.Infrastructure.csproj]
D:\projects\CPR\source\cpr-meta\source\cpr-api\src\CPR.Api\Controllers\GoalsController.cs(149,21): error CS0815: Cannot assign void to an implicitly-typed variable [D:\projects\CPR\source\cpr-meta\source\cpr-api\src\CPR.Api\CPR.Api.csproj]
    1 Warning(s)
    1 Error(s)

Time Elapsed 00:00:12.78
