<?xml version="1.0" encoding="utf-8"?>
<TestRun id="2a51585d-e924-42dc-a092-a9748bbbac98" name="vyach@VYACHESLAV-LAPT 2025-09-15 10:19:46" runUser="VYACHESLAV-LAPT\vyach" xmlns="http://microsoft.com/schemas/VisualStudio/TeamTest/2010">
  <Times creation="2025-09-15T10:19:46.4845655-05:00" queuing="2025-09-15T10:19:46.4845658-05:00" start="2025-09-15T10:19:44.6461329-05:00" finish="2025-09-15T10:19:47.1737727-05:00" />
  <TestSettings name="default" id="3dc76785-6320-4e76-925d-b470c048e6e2">
    <Deployment runDeploymentRoot="vyach_VYACHESLAV-LAPT_2025-09-15_10_19_46" />
  </TestSettings>
  <Results>
    <UnitTestResult executionId="ee89e76c-985f-4a02-b8de-08861e119c80" testId="98b3a5b3-fc39-c222-7564-7e04f240aa80" testName="CPR.ContractTests.PositionsContractTest.Positions_HaveExpectedJsonShape" computerName="VYACHESLAV-LAPT" duration="00:00:01.1248005" startTime="2025-09-15T10:19:47.0107297-05:00" endTime="2025-09-15T10:19:47.0107298-05:00" testType="13cdc9d9-ddb5-4fa4-a97d-d965ccfc6d4b" outcome="Passed" testListId="8c84fa94-04c1-424b-9868-57a2d4851a1d" relativeResultsDirectory="ee89e76c-985f-4a02-b8de-08861e119c80" />
    <UnitTestResult executionId="f944b68d-9140-46a9-bdb5-5fbc2595fae6" testId="a2f79f01-79fa-6498-0415-a09d8f8341f9" testName="CPR.ContractTests.SampleContractTest.ContractPlaceholder" computerName="VYACHESLAV-LAPT" duration="00:00:00.0021810" startTime="2025-09-15T10:19:45.8883915-05:00" endTime="2025-09-15T10:19:45.8884057-05:00" testType="13cdc9d9-ddb5-4fa4-a97d-d965ccfc6d4b" outcome="Passed" testListId="8c84fa94-04c1-424b-9868-57a2d4851a1d" relativeResultsDirectory="f944b68d-9140-46a9-bdb5-5fbc2595fae6" />
    <UnitTestResult executionId="7724bd2b-eb92-4d3a-9fd7-d001df5253f1" testId="8deded96-f125-e84d-be8f-636b2c034cf9" testName="CPR.ContractTests.CareerContractTests.CareerTrack_FilteredByCareerPath_ReturnsArray" computerName="VYACHESLAV-LAPT" duration="00:00:01.2126546" startTime="2025-09-15T10:19:47.0970524-05:00" endTime="2025-09-15T10:19:47.0970526-05:00" testType="13cdc9d9-ddb5-4fa4-a97d-d965ccfc6d4b" outcome="Passed" testListId="8c84fa94-04c1-424b-9868-57a2d4851a1d" relativeResultsDirectory="7724bd2b-eb92-4d3a-9fd7-d001df5253f1" />
    <UnitTestResult executionId="bf58e778-ddfa-4702-a51e-d7938e419048" testId="e2f24123-908d-b478-5150-3738daca4d83" testName="CPR.ContractTests.CareerContractTests.Career_HasExpectedJsonShape" computerName="VYACHESLAV-LAPT" duration="00:00:00.0094077" startTime="2025-09-15T10:19:47.1066453-05:00" endTime="2025-09-15T10:19:47.1066454-05:00" testType="13cdc9d9-ddb5-4fa4-a97d-d965ccfc6d4b" outcome="Passed" testListId="8c84fa94-04c1-424b-9868-57a2d4851a1d" relativeResultsDirectory="bf58e778-ddfa-4702-a51e-d7938e419048" />
  </Results>
  <TestDefinitions>
    <UnitTest name="CPR.ContractTests.PositionsContractTest.Positions_HaveExpectedJsonShape" storage="d:\projects\cpr\tests\cpr.contracttests\bin\debug\net9.0\cpr.contracttests.dll" id="98b3a5b3-fc39-c222-7564-7e04f240aa80">
      <Execution id="ee89e76c-985f-4a02-b8de-08861e119c80" />
      <TestMethod codeBase="d:\projects\CPR\tests\CPR.ContractTests\bin\Debug\net9.0\CPR.ContractTests.dll" adapterTypeName="executor://xunit/VsTestRunner2/netcoreapp" className="CPR.ContractTests.PositionsContractTest" name="Positions_HaveExpectedJsonShape" />
    </UnitTest>
    <UnitTest name="CPR.ContractTests.SampleContractTest.ContractPlaceholder" storage="d:\projects\cpr\tests\cpr.contracttests\bin\debug\net9.0\cpr.contracttests.dll" id="a2f79f01-79fa-6498-0415-a09d8f8341f9">
      <Execution id="f944b68d-9140-46a9-bdb5-5fbc2595fae6" />
      <TestMethod codeBase="d:\projects\CPR\tests\CPR.ContractTests\bin\Debug\net9.0\CPR.ContractTests.dll" adapterTypeName="executor://xunit/VsTestRunner2/netcoreapp" className="CPR.ContractTests.SampleContractTest" name="ContractPlaceholder" />
    </UnitTest>
    <UnitTest name="CPR.ContractTests.CareerContractTests.Career_HasExpectedJsonShape" storage="d:\projects\cpr\tests\cpr.contracttests\bin\debug\net9.0\cpr.contracttests.dll" id="e2f24123-908d-b478-5150-3738daca4d83">
      <Execution id="bf58e778-ddfa-4702-a51e-d7938e419048" />
      <TestMethod codeBase="d:\projects\CPR\tests\CPR.ContractTests\bin\Debug\net9.0\CPR.ContractTests.dll" adapterTypeName="executor://xunit/VsTestRunner2/netcoreapp" className="CPR.ContractTests.CareerContractTests" name="Career_HasExpectedJsonShape" />
    </UnitTest>
    <UnitTest name="CPR.ContractTests.CareerContractTests.CareerTrack_FilteredByCareerPath_ReturnsArray" storage="d:\projects\cpr\tests\cpr.contracttests\bin\debug\net9.0\cpr.contracttests.dll" id="8deded96-f125-e84d-be8f-636b2c034cf9">
      <Execution id="7724bd2b-eb92-4d3a-9fd7-d001df5253f1" />
      <TestMethod codeBase="d:\projects\CPR\tests\CPR.ContractTests\bin\Debug\net9.0\CPR.ContractTests.dll" adapterTypeName="executor://xunit/VsTestRunner2/netcoreapp" className="CPR.ContractTests.CareerContractTests" name="CareerTrack_FilteredByCareerPath_ReturnsArray" />
    </UnitTest>
  </TestDefinitions>
  <TestEntries>
    <TestEntry testId="98b3a5b3-fc39-c222-7564-7e04f240aa80" executionId="ee89e76c-985f-4a02-b8de-08861e119c80" testListId="8c84fa94-04c1-424b-9868-57a2d4851a1d" />
    <TestEntry testId="a2f79f01-79fa-6498-0415-a09d8f8341f9" executionId="f944b68d-9140-46a9-bdb5-5fbc2595fae6" testListId="8c84fa94-04c1-424b-9868-57a2d4851a1d" />
    <TestEntry testId="8deded96-f125-e84d-be8f-636b2c034cf9" executionId="7724bd2b-eb92-4d3a-9fd7-d001df5253f1" testListId="8c84fa94-04c1-424b-9868-57a2d4851a1d" />
    <TestEntry testId="e2f24123-908d-b478-5150-3738daca4d83" executionId="bf58e778-ddfa-4702-a51e-d7938e419048" testListId="8c84fa94-04c1-424b-9868-57a2d4851a1d" />
  </TestEntries>
  <TestLists>
    <TestList name="Results Not in a List" id="8c84fa94-04c1-424b-9868-57a2d4851a1d" />
    <TestList name="All Loaded Results" id="19431567-8539-422a-85d7-44ee4e166bda" />
  </TestLists>
  <ResultSummary outcome="Completed">
    <Counters total="4" executed="4" passed="4" failed="0" error="0" timeout="0" aborted="0" inconclusive="0" passedButRunAborted="0" notRunnable="0" notExecuted="0" disconnected="0" warning="0" completed="0" inProgress="0" pending="0" />
    <Output>
      <StdOut>[xUnit.net 00:00:00.00] xUnit.net VSTest Adapter v2.8.0+6438bb880a (64-bit .NET 9.0.3)&#xD;
[xUnit.net 00:00:00.84]   Discovering: CPR.ContractTests&#xD;
[xUnit.net 00:00:00.87]   Discovered:  CPR.ContractTests&#xD;
[xUnit.net 00:00:00.87]   Starting:    CPR.ContractTests&#xD;
[xUnit.net 00:00:02.13]   Finished:    CPR.ContractTests&#xD;
</StdOut>
    </Output>
  </ResultSummary>
</TestRun>