<?xml version="1.0" encoding="utf-8"?>
<TestRun id="92f798c2-cec8-44e3-bc11-978d548d94c0" name="vyach@VYACHESLAV-LAPT 2025-09-15 12:01:14" runUser="VYACHESLAV-LAPT\vyach" xmlns="http://microsoft.com/schemas/VisualStudio/TeamTest/2010">
  <Times creation="2025-09-15T12:01:14.9904516-05:00" queuing="2025-09-15T12:01:14.9904520-05:00" start="2025-09-15T12:01:13.0712955-05:00" finish="2025-09-15T12:01:15.2535625-05:00" />
  <TestSettings name="default" id="9b1b0cb0-f77f-4b06-b812-02a507f138f5">
    <Deployment runDeploymentRoot="vyach_VYACHESLAV-LAPT_2025-09-15_12_01_14" />
  </TestSettings>
  <Results>
    <UnitTestResult executionId="eec3a141-9cc7-4079-80e4-9506ccfccafd" testId="a2f79f01-79fa-6498-0415-a09d8f8341f9" testName="CPR.ContractTests.SampleContractTest.ContractPlaceholder" computerName="VYACHESLAV-LAPT" duration="00:00:00.0025061" startTime="2025-09-15T12:01:13.8467949-05:00" endTime="2025-09-15T12:01:13.8468221-05:00" testType="13cdc9d9-ddb5-4fa4-a97d-d965ccfc6d4b" outcome="Passed" testListId="8c84fa94-04c1-424b-9868-57a2d4851a1d" relativeResultsDirectory="eec3a141-9cc7-4079-80e4-9506ccfccafd" />
    <UnitTestResult executionId="e665bef8-c90c-4f89-9b9e-1a86d0c957a3" testId="8deded96-f125-e84d-be8f-636b2c034cf9" testName="CPR.ContractTests.CareerContractTests.CareerTrack_FilteredByCareerPath_ReturnsArray" computerName="VYACHESLAV-LAPT" duration="00:00:01.3266100" startTime="2025-09-15T12:01:15.1687268-05:00" endTime="2025-09-15T12:01:15.1687271-05:00" testType="13cdc9d9-ddb5-4fa4-a97d-d965ccfc6d4b" outcome="Passed" testListId="8c84fa94-04c1-424b-9868-57a2d4851a1d" relativeResultsDirectory="e665bef8-c90c-4f89-9b9e-1a86d0c957a3" />
    <UnitTestResult executionId="2f582928-7880-4a64-950b-07558c72340a" testId="98b3a5b3-fc39-c222-7564-7e04f240aa80" testName="CPR.ContractTests.PositionsContractTest.Positions_HaveExpectedJsonShape" computerName="VYACHESLAV-LAPT" duration="00:00:01.2316462" startTime="2025-09-15T12:01:15.0752672-05:00" endTime="2025-09-15T12:01:15.0752674-05:00" testType="13cdc9d9-ddb5-4fa4-a97d-d965ccfc6d4b" outcome="Passed" testListId="8c84fa94-04c1-424b-9868-57a2d4851a1d" relativeResultsDirectory="2f582928-7880-4a64-950b-07558c72340a" />
    <UnitTestResult executionId="cb21ce49-57e8-42f7-bd8e-212c8e3fff4b" testId="e2f24123-908d-b478-5150-3738daca4d83" testName="CPR.ContractTests.CareerContractTests.Career_HasExpectedJsonShape" computerName="VYACHESLAV-LAPT" duration="00:00:00.0105087" startTime="2025-09-15T12:01:15.1794812-05:00" endTime="2025-09-15T12:01:15.1794815-05:00" testType="13cdc9d9-ddb5-4fa4-a97d-d965ccfc6d4b" outcome="Passed" testListId="8c84fa94-04c1-424b-9868-57a2d4851a1d" relativeResultsDirectory="cb21ce49-57e8-42f7-bd8e-212c8e3fff4b" />
  </Results>
  <TestDefinitions>
    <UnitTest name="CPR.ContractTests.PositionsContractTest.Positions_HaveExpectedJsonShape" storage="d:\projects\cpr\tests\cpr.contracttests\bin\debug\net9.0\cpr.contracttests.dll" id="98b3a5b3-fc39-c222-7564-7e04f240aa80">
      <Execution id="2f582928-7880-4a64-950b-07558c72340a" />
      <TestMethod codeBase="d:\projects\CPR\tests\CPR.ContractTests\bin\Debug\net9.0\CPR.ContractTests.dll" adapterTypeName="executor://xunit/VsTestRunner2/netcoreapp" className="CPR.ContractTests.PositionsContractTest" name="Positions_HaveExpectedJsonShape" />
    </UnitTest>
    <UnitTest name="CPR.ContractTests.SampleContractTest.ContractPlaceholder" storage="d:\projects\cpr\tests\cpr.contracttests\bin\debug\net9.0\cpr.contracttests.dll" id="a2f79f01-79fa-6498-0415-a09d8f8341f9">
      <Execution id="eec3a141-9cc7-4079-80e4-9506ccfccafd" />
      <TestMethod codeBase="d:\projects\CPR\tests\CPR.ContractTests\bin\Debug\net9.0\CPR.ContractTests.dll" adapterTypeName="executor://xunit/VsTestRunner2/netcoreapp" className="CPR.ContractTests.SampleContractTest" name="ContractPlaceholder" />
    </UnitTest>
    <UnitTest name="CPR.ContractTests.CareerContractTests.Career_HasExpectedJsonShape" storage="d:\projects\cpr\tests\cpr.contracttests\bin\debug\net9.0\cpr.contracttests.dll" id="e2f24123-908d-b478-5150-3738daca4d83">
      <Execution id="cb21ce49-57e8-42f7-bd8e-212c8e3fff4b" />
      <TestMethod codeBase="d:\projects\CPR\tests\CPR.ContractTests\bin\Debug\net9.0\CPR.ContractTests.dll" adapterTypeName="executor://xunit/VsTestRunner2/netcoreapp" className="CPR.ContractTests.CareerContractTests" name="Career_HasExpectedJsonShape" />
    </UnitTest>
    <UnitTest name="CPR.ContractTests.CareerContractTests.CareerTrack_FilteredByCareerPath_ReturnsArray" storage="d:\projects\cpr\tests\cpr.contracttests\bin\debug\net9.0\cpr.contracttests.dll" id="8deded96-f125-e84d-be8f-636b2c034cf9">
      <Execution id="e665bef8-c90c-4f89-9b9e-1a86d0c957a3" />
      <TestMethod codeBase="d:\projects\CPR\tests\CPR.ContractTests\bin\Debug\net9.0\CPR.ContractTests.dll" adapterTypeName="executor://xunit/VsTestRunner2/netcoreapp" className="CPR.ContractTests.CareerContractTests" name="CareerTrack_FilteredByCareerPath_ReturnsArray" />
    </UnitTest>
  </TestDefinitions>
  <TestEntries>
    <TestEntry testId="a2f79f01-79fa-6498-0415-a09d8f8341f9" executionId="eec3a141-9cc7-4079-80e4-9506ccfccafd" testListId="8c84fa94-04c1-424b-9868-57a2d4851a1d" />
    <TestEntry testId="8deded96-f125-e84d-be8f-636b2c034cf9" executionId="e665bef8-c90c-4f89-9b9e-1a86d0c957a3" testListId="8c84fa94-04c1-424b-9868-57a2d4851a1d" />
    <TestEntry testId="98b3a5b3-fc39-c222-7564-7e04f240aa80" executionId="2f582928-7880-4a64-950b-07558c72340a" testListId="8c84fa94-04c1-424b-9868-57a2d4851a1d" />
    <TestEntry testId="e2f24123-908d-b478-5150-3738daca4d83" executionId="cb21ce49-57e8-42f7-bd8e-212c8e3fff4b" testListId="8c84fa94-04c1-424b-9868-57a2d4851a1d" />
  </TestEntries>
  <TestLists>
    <TestList name="Results Not in a List" id="8c84fa94-04c1-424b-9868-57a2d4851a1d" />
    <TestList name="All Loaded Results" id="19431567-8539-422a-85d7-44ee4e166bda" />
  </TestLists>
  <ResultSummary outcome="Completed">
    <Counters total="4" executed="4" passed="4" failed="0" error="0" timeout="0" aborted="0" inconclusive="0" passedButRunAborted="0" notRunnable="0" notExecuted="0" disconnected="0" warning="0" completed="0" inProgress="0" pending="0" />
    <Output>
      <StdOut>[xUnit.net 00:00:00.00] xUnit.net VSTest Adapter v2.8.0+6438bb880a (64-bit .NET 9.0.3)&#xD;
[xUnit.net 00:00:00.28]   Discovering: CPR.ContractTests&#xD;
[xUnit.net 00:00:00.31]   Discovered:  CPR.ContractTests&#xD;
[xUnit.net 00:00:00.31]   Starting:    CPR.ContractTests&#xD;
[xUnit.net 00:00:01.68]   Finished:    CPR.ContractTests&#xD;
</StdOut>
    </Output>
  </ResultSummary>
</TestRun>